[cmswp.net/html/gennaro/index.html]
[backblue.gif]
[fade.gif]
[index.html]
[maxcdn.bootstrapcdn.com/font-awesome/4.6.3/css/font-awesome.min.css]
[cmswp.net/html/gennaro/css/bootstrap.min.css]
[cmswp.net/html/gennaro/css/owl.carousel.css]
[cmswp.net/html/gennaro/css/ui.progress-bar.css]
[cmswp.net/html/gennaro/css/flexslider.css]
[cmswp.net/html/gennaro/css/jquery.bxslider.css]
[cmswp.net/html/gennaro/css/magnific-popup.css]
[cmswp.net/html/gennaro/css/font-awesome.css]
[cmswp.net/html/gennaro/css/animate.css]
[cmswp.net/html/gennaro/css/jquery-ui.min.css]
[cmswp.net/html/gennaro/css/settings.css]
[ajax.googleapis.com/ajax/libs/jquery/1/jquery.js]
[cmswp.net/html/gennaro/css/style.css]
[cmswp.net/html/gennaro/images/logo.png]
[cmswp.net/html/gennaro/images/menu.png]
[cmswp.net/html/gennaro/home-2.html]
[cmswp.net/html/gennaro/onepage.html]
[cmswp.net/html/gennaro/about.html]
[cmswp.net/html/gennaro/work.html]
[cmswp.net/html/gennaro/blog.html]
[cmswp.net/html/gennaro/contact.html]
[cmswp.net/html/gennaro/uploads/banner/banner.jpg]
[cmswp.net/html/gennaro/uploads/banner/banner2.png]
[cmswp.net/html/gennaro/uploads/portfolio/1.jpg]
[cmswp.net/html/gennaro/single-portfolio.html]
[cmswp.net/html/gennaro/uploads/portfolio/2.jpg]
[cmswp.net/html/gennaro/uploads/portfolio/3.jpg]
[cmswp.net/html/gennaro/uploads/portfolio/4.jpg]
[cmswp.net/html/gennaro/uploads/portfolio/5.jpg]
[cmswp.net/html/gennaro/uploads/clients/1.png]
[cmswp.net/html/gennaro/uploads/posts/1.jpg]
[cmswp.net/html/gennaro/single-post.html]
[cmswp.net/html/gennaro/uploads/posts/2.jpg]
[cmswp.net/html/gennaro/uploads/posts/3.jpg]
[cmswp.net/html/gennaro/uploads/posts/4.jpg]
[cmswp.net/html/gennaro/uploads/posts/5.jpg]
[cmswp.net/html/gennaro/images/logo-ft.png]
[cmswp.net/html/gennaro/js/owl.carousel.min.js]
[cmswp.net/html/gennaro/js/jquery.magnific-popup.min.js]
[cmswp.net/html/gennaro/js/jquery.bxslider.min.js]
[cmswp.net/html/gennaro/js/jquery.appear.js]
[cmswp.net/html/gennaro/js/jquery.flexslider.js]
[cmswp.net/html/gennaro/js/progress.js]
[cmswp.net/html/gennaro/js/bootstrap.min.js]
[cmswp.net/html/gennaro/js/jquery.imagesloaded.min.js]
[cmswp.net/html/gennaro/js/jquery.isotope.min.js]
[cmswp.net/html/gennaro/js/plugins-scroll.js]
[cmswp.net/html/gennaro/js/smooth-scroll.js]
[cmswp.net/html/gennaro/js/waypoint.min.js]
[cmswp.net/html/gennaro/js/jquery.matchHeight-min.js]
[cmswp.net/html/gennaro/index.html]
[cmswp.net/html/gennaro/js/main.js]
[cmswp.net/html/gennaro/js/jquery-ui.min.js]
[maxcdn.bootstrapcdn.com/font-awesome/4.6.3/css/font-awesome.min.css]
[cmswp.net/html/gennaro/js/gmap3.min.js]
[cmswp.net/html/gennaro/js/raphael-min.js]
[cmswp.net/html/gennaro/fonts/glyphicons-halflings-regular.eot]
[cmswp.net/html/gennaro/fonts/glyphicons-halflings-regulard41d.eot]
[cmswp.net/html/gennaro/fonts/glyphicons-halflings-regular.woff]
[cmswp.net/html/gennaro/fonts/glyphicons-halflings-regular.ttf]
[cmswp.net/html/gennaro/fonts/glyphicons-halflings-regular.svg]
[cmswp.net/html/gennaro/css/bootstrap.min.css]
[cmswp.net/html/gennaro/css/owl.video.play.png]
[cmswp.net/html/gennaro/css/owl.carousel.css]
[cmswp.net/html/images/tooltop-graph.png]
[cmswp.net/html/gennaro/css/ui.progress-bar.css]
[cmswp.net/html/gennaro/css/flexslider.css]
[cmswp.net/html/gennaro/css/images/controls.png]
[cmswp.net/html/gennaro/css/jquery.bxslider.css]
[cmswp.net/html/gennaro/css/magnific-popup.css]
[cmswp.net/html/gennaro/css/fonts/fontawesome-webfont5b62.eot]
[cmswp.net/html/gennaro/css/fonts/fontawesome-webfontd41d.eot]
[cmswp.net/html/gennaro/css/fonts/fontawesome-webfont5b62.woff]
[cmswp.net/html/gennaro/css/fonts/fontawesome-webfont5b62.ttf]
[cmswp.net/html/gennaro/css/fonts/fontawesome-webfont5b62.woff2]
[cmswp.net/html/gennaro/css/font-awesome.css]
[cmswp.net/html/gennaro/css/animate.css]
[cmswp.net/html/gennaro/css/jquery-ui.min.css]
[cmswp.net/html/gennaro/images/gradient/g30.png]
[cmswp.net/html/gennaro/images/gradient/g40.png]
[cmswp.net/html/gennaro/assets/shadow1.png]
[cmswp.net/html/gennaro/assets/shadow2.png]
[cmswp.net/html/gennaro/assets/shadow3.png]
[cmswp.net/html/gennaro/assets/gridtile.png]
[cmswp.net/html/gennaro/assets/gridtile_white.png]
[cmswp.net/html/gennaro/assets/gridtile_3x3.png]
[cmswp.net/html/gennaro/assets/gridtile_3x3_white.png]
[cmswp.net/html/gennaro/assets/boxed_bgtile.png]
[cmswp.net/html/gennaro/assets/navigdots_bgtile.png]
[cmswp.net/html/gennaro/assets/bullets.png]
[cmswp.net/html/gennaro/assets/bullets2.png]
[cmswp.net/html/gennaro/assets/bullet_boxed.png]
[cmswp.net/html/gennaro/assets/navigdots.png]
[cmswp.net/html/gennaro/images/revolution-icons/large_left.png]
[cmswp.net/html/gennaro/images/revolution-icons/large_right.png]
[cmswp.net/html/gennaro/images/revolution-icons/small_left.png]
[cmswp.net/html/gennaro/images/revolution-icons/small_right.png]
[cmswp.net/html/gennaro/assets/arrow_left.png]
[cmswp.net/html/gennaro/assets/arrow_right.png]
[cmswp.net/html/gennaro/assets/small_left_boxed.png]
[cmswp.net/html/gennaro/assets/small_right_boxed.png]
[cmswp.net/html/gennaro/assets/arrowleft.png]
[cmswp.net/html/gennaro/assets/arrowright.png]
[cmswp.net/html/gennaro/assets/arrow_left2.png]
[cmswp.net/html/gennaro/assets/arrow_right2.png]
[cmswp.net/html/gennaro/images/revolution-icons/timer.png]
[cmswp.net/html/gennaro/assets/coloredbg.png]
[cmswp.net/html/gennaro/images/revolution-icons/loader.gif]
[cmswp.net/html/gennaro/font/revicons90c6.eot]
[cmswp.net/html/gennaro/font/revicons90c6.woff]
[cmswp.net/html/gennaro/font/revicons90c6.ttf]
[cmswp.net/html/gennaro/font/revicons90c6.svg]
[cmswp.net/html/gennaro/css/settings.css]
[cmswp.net/html/gennaro/images/fr-left-t.png]
[cmswp.net/html/gennaro/images/border-bg.png]
[cmswp.net/html/gennaro/images/next.png]
[cmswp.net/html/gennaro/images/prev.png]
[cmswp.net/html/gennaro/uploads/banner/title-bar.jpg]
[cmswp.net/html/gennaro/uploads/banner/banner1.jpg]
[cmswp.net/html/gennaro/uploads/banner/24.jpg]
[cmswp.net/html/gennaro/uploads/banner/9.jpg]
[cmswp.net/html/gennaro/uploads/banner/64.jpg]
[cmswp.net/html/gennaro/uploads/banner/97.png]
[cmswp.net/html/gennaro/css/style.css]
[cmswp.net/html/gennaro/uploads/portfolio/21.jpg]
[cmswp.net/html/gennaro/uploads/portfolio/22.jpg]
[cmswp.net/html/gennaro/uploads/portfolio/23.jpg]
[cmswp.net/html/gennaro/uploads/portfolio/25.jpg]
[cmswp.net/html/gennaro/uploads/portfolio/24.jpg]
[cmswp.net/html/gennaro/uploads/portfolio/26.jpg]
[cmswp.net/html/gennaro/home-2.html]
[cmswp.net/html/gennaro/uploads/team/1.jpg]
[cmswp.net/html/gennaro/uploads/team/2.jpg]
[cmswp.net/html/gennaro/uploads/team/3.jpg]
[cmswp.net/html/gennaro/uploads/clients/2.png]
[cmswp.net/html/gennaro/uploads/clients/3.png]
[cmswp.net/html/gennaro/uploads/clients/4.png]
[cmswp.net/html/gennaro/uploads/clients/5.png]
[cmswp.net/html/gennaro/onepage.html]
[cmswp.net/html/gennaro/uploads/banner/singular-banner.jpg]
[cmswp.net/html/gennaro/about.html]
[cmswp.net/html/gennaro/uploads/portfolio/31.jpg]
[cmswp.net/html/gennaro/uploads/portfolio/32.jpg]
[cmswp.net/html/gennaro/uploads/portfolio/34.jpg]
[cmswp.net/html/gennaro/uploads/portfolio/35.jpg]
[cmswp.net/html/gennaro/uploads/portfolio/37.jpg]
[cmswp.net/html/gennaro/uploads/portfolio/38.jpg]
[cmswp.net/html/gennaro/work.html]
[cmswp.net/html/gennaro/blog.html]
[cmswp.net/html/gennaro/contact.html]
[cmswp.net/html/gennaro/uploads/portfolio/2.png]
[cmswp.net/html/gennaro/single-portfolio.html]
[cmswp.net/html/gennaro/uploads/posts/sg.jpg]
[cmswp.net/html/gennaro/uploads/posts/au1.jpg]
[cmswp.net/html/gennaro/uploads/posts/au2.jpg]
[cmswp.net/html/gennaro/uploads/posts/au3.jpg]
[cmswp.net/html/gennaro/uploads/posts/au4.jpg]
[cmswp.net/html/gennaro/single-post.html]
[cmswp.net/html/gennaro/fonts/glyphicons-halflings-regular.html]
[cmswp.net/html/gennaro/fonts/glyphicons-halflings-regulard41d.html]
[cmswp.net/html/gennaro/fonts/glyphicons-halflings-regular-2.html]
[cmswp.net/html/gennaro/fonts/glyphicons-halflings-regular-3.html]
[cmswp.net/html/gennaro/fonts/glyphicons-halflings-regular-4.html]
[cmswp.net/html/gennaro/css/owl.video.play.html]
[cmswp.net/html/images/tooltop-graph.html]
[cmswp.net/html/gennaro/images/bx_loader.gif]
[cmswp.net/html/gennaro/css/fonts/fontawesome-webfont5b62.svg]
[cmswp.net/html/gennaro/images/gradient/g30.html]
[cmswp.net/html/gennaro/images/gradient/g40.html]
[cmswp.net/html/gennaro/assets/shadow1.html]
[cmswp.net/html/gennaro/assets/shadow2.html]
[cmswp.net/html/gennaro/assets/shadow3.html]
[cmswp.net/html/gennaro/assets/gridtile.html]
[cmswp.net/html/gennaro/assets/gridtile_white.html]
[cmswp.net/html/gennaro/assets/gridtile_3x3.html]
[cmswp.net/html/gennaro/assets/gridtile_3x3_white.html]
[cmswp.net/html/gennaro/assets/boxed_bgtile.html]
[cmswp.net/html/gennaro/assets/navigdots_bgtile.html]
[cmswp.net/html/gennaro/assets/bullets.html]
[cmswp.net/html/gennaro/assets/bullets2.html]
[cmswp.net/html/gennaro/assets/bullet_boxed.html]
[cmswp.net/html/gennaro/assets/navigdots.html]
[cmswp.net/html/gennaro/images/revolution-icons/large_left.html]
[cmswp.net/html/gennaro/images/revolution-icons/large_right.html]
[cmswp.net/html/gennaro/images/revolution-icons/small_left.html]
[cmswp.net/html/gennaro/images/revolution-icons/small_right.html]
[cmswp.net/html/gennaro/assets/arrow_left.html]
[cmswp.net/html/gennaro/assets/arrow_right.html]
[cmswp.net/html/gennaro/assets/small_left_boxed.html]
[cmswp.net/html/gennaro/assets/small_right_boxed.html]
[cmswp.net/html/gennaro/assets/arrowleft.html]
[cmswp.net/html/gennaro/assets/arrowright.html]
[cmswp.net/html/gennaro/assets/arrow_left2.html]
[cmswp.net/html/gennaro/assets/arrow_right2.html]
[cmswp.net/html/gennaro/images/revolution-icons/timer.html]
[cmswp.net/html/gennaro/assets/coloredbg.html]
[cmswp.net/html/gennaro/images/revolution-icons/loader.html]
[cmswp.net/html/gennaro/font/revicons90c6.html]
[cmswp.net/html/gennaro/font/revicons90c6-2.html]
[cmswp.net/html/gennaro/font/revicons90c6-3.html]
[cmswp.net/html/gennaro/font/revicons90c6-4.html]
[cmswp.net/html/gennaro/images/next.html]
[cmswp.net/html/gennaro/images/prev.html]
[cmswp.net/html/gennaro/uploads/banner/title-bar.html]
[cmswp.net/html/gennaro/uploads/banner/banner1.html]
[cmswp.net/html/gennaro/uploads/banner/24.html]
[cmswp.net/html/gennaro/uploads/banner/9.html]
[cmswp.net/html/gennaro/uploads/banner/64.html]
[cmswp.net/html/gennaro/uploads/banner/97.html]
